INFO : Framebuffer info: FrameBufferInfo { byte_len: 2764800, width: 1280, height: 720, pixel_format: Bgr, bytes_per_pixel: 3, stride: 1280 }
INFO : 4th Stage
INFO : BiosInfo { stage_4: Region { start: 130000, len: 24250 }, kernel: Region { start: 1000000, len: 147450 }, ramdisk: Region { start: 1148000, len: 0 }, config_file: Region { start: 1148000, len: 0 }, last_used_addr: 1147fff, framebuffer: BiosFramebufferInfo { region: Region { start: fd000000, len: 2a3000 }, width: 500, height: 2d0, bytes_per_pixel: 3, stride: 500, pixel_format: Bgr }, memory_map_addr: 11cb0, memory_map_len: 7 }
INFO : BIOS boot
INFO : Elf file loaded at Pointer {
    addr: 0x0000000001000000,
    metadata: 1340496,
}
INFO : virtual_address_offset: 0x10000000000
INFO : Handling Segment: Ph64(ProgramHeader64 { type_: Ok(Load), flags: Flags(4), offset: 0, virtual_addr: 0, physical_addr: 0, file_size: 42bec, mem_size: 42bec, align: 1000 })
INFO : Handling Segment: Ph64(ProgramHeader64 { type_: Ok(Load), flags: Flags(5), offset: 42bec, virtual_addr: 43bec, physical_addr: 43bec, file_size: d5118, mem_size: d5118, align: 1000 })
INFO : Handling Segment: Ph64(ProgramHeader64 { type_: Ok(Load), flags: Flags(6), offset: 117d08, virtual_addr: 119d08, physical_addr: 119d08, file_size: d008, mem_size: d2f8, align: 1000 })
INFO : Mapping bss section
INFO : Handling Segment: Ph64(ProgramHeader64 { type_: Ok(Load), flags: Flags(6), offset: 124d10, virtual_addr: 127d10, physical_addr: 127d10, file_size: 22130, mem_size: 6f252, align: 1000 })
INFO : Mapping bss section
INFO : Entry point at: 0x100000ff665
INFO : Creating GDT at PhysAddr(0x11c4000)
INFO : Map framebuffer
INFO : Map physical memory
INFO : Allocate bootinfo
INFO : Create Memory Map
INFO : Create bootinfo
INFO : Jumping to kernel entry point at VirtAddr(0x100000ff665)
WarOS: entering kernel bootstrap
[OK] Serial debug on COM1 (0 ms)
[OK] FPU/SSE initialized (0 ms)
[OK] Framebuffer: 1280x720 @ 24 bpp (0 ms)
[OK] GDT loaded (0 ms)
[OK] WarSyscall initialized (0 ms)
[OK] IDT loaded (exceptions + timer + keyboard) (0 ms)
[OK] PIC remapped (IRQ 32-47) (0 ms)
[OK] PIT timer: 100 Hz (0 ms)
[OK] Physical memory: 505 MiB (129448 frames available) (21 ms)
[OK] Paging: 4-level page tables active (27 ms)
[OK] Kernel heap: 8 MiB allocated (31 ms)
[OK] WarHAL device registry initialized (44 ms)
[OK] WarFS: filesystem core ready (42 ms)
[OK] ACPI: power management available (49 ms)
[OK] Disk: 64 MB, WarFS v1, 44 files loaded (127 ms)
[OK] User database loaded (1 users) (120 ms)
[OK] Task scheduler: cooperative background tasks ready (137 ms)
[OK] WarExec core ready (137 ms)
[OK] WarShield: Entropy pool initialized (RDRAND: unavailable) (143 ms)
[AUDIT] #1: SYSTEM_BOOT version=0.2.0
[OK] WarShield: WarAudit logging started (142 ms)
[OK] WarShield: WarGuard firewall enabled (6 rules) (146 ms)
[OK] WarShield: WarVault file integrity ready (154 ms)
[AUDIT] #2: POLICY_CHANGE change=profile set to Standard uid=0
[WarShield] Security profile applied: Standard
[OK] WarShield: Security profile: Standard (154 ms)
[PROOF] WarShield: audit hooks wired (login, fs, logout)
[PROOF] WarShield: firewall hooks wired (TCP connect + inbound response, UDP/DNS egress, ICMP ping)
[PROOF] WarShield: TLS validation wired (embedded trust anchors for supported hosts; no RTC expiry)
[PROOF] WarShield: ASLR wired (stack randomization, 8-bit entropy)
[PROOF] WarShield: W^X enforced (loader rejects W+X, verify_wx post-check)
[PROOF] WarShield: capabilities wired (halt/reboot/useradd/userdel/format/profile)
[PROOF] WarShield: runtime hardening + resilience foundation ready for Pass 4 proofs
[OK] WarHAL: persistent storage registered (262 ms)
[OK] PCI scan: 7 devices found (268 ms)
[INFO] USB: no host controller detected
[OK] Serial link: COM2 active (266 ms)
[OK] virtio-net: MAC 52:54:00:12:34:56 (I/O 0xC080) (273 ms)
[OK] DHCP: 10.0.2.15/24 gw 10.0.2.2 (272 ms)
[OK] DNS: 10.0.2.3 (276 ms)
[OK] Keyboard driver active (279 ms)
[OK] Quantum subsystem ready (18 qubits max) (284 ms)
[INFO] WarShield TLS proof: validating trusted and rejected certificate paths
[AUDIT] #3: TLS_VALIDATE host=warenterprise.com anchor=GlobalSign ECC Root CA - R4 outcome=allow detail=proof-trusted-chain
[PROOF] TLS: trusted certificate chain accepted
[AUDIT] #4: TLS_VALIDATE host=wrong.example anchor=GlobalSign ECC Root CA - R4 outcome=deny detail=proof-hostname-mismatch
[PROOF] TLS: invalid host rejected
[OK] WarShield TLS proof: certificate validation wired (2 embedded root(s); supported hosts: iam.cloud.ibm.com, quantum.cloud.ibm.com, warenterprise.com; SAN/CN hostname checks; no RTC-backed expiry check) (306 ms)
[OK] WarFS system files seeded (1030 ms)
[OK] WarPkg bootstrap repository ready (1425 ms)
[INFO] WarPkg update health: idle
[INFO] WarPkg proof: verifying signed bundle and tamper rejection
[AUDIT] #5: PKG_VERIFY name=hello-world ver=0.1.0 outcome=allow reason=verified
[PROOF] WarPkg: valid signed bundle accepted
[AUDIT] #6: PKG_VERIFY name=hello-world ver=0.1.0 outcome=deny reason=payload-size-mismatch
[PROOF] WarPkg: tampered bundle rejected
[OK] WarPkg proof: signed bundle verification wired (waros-bootstrap-root-v1 (ml-dsa-dilithium3-v1)) (1487 ms)
[INFO] WarPkg Pass 4 proof: exercising offline update, boot health, rollback, tamper rejection, and recovery status
[AUDIT] #7: PKG_VERIFY name=hello-world ver=0.1.0 outcome=allow reason=verified
[AUDIT] #8: PKG_INSTALL name=hello-world ver=0.1.0 uid=0
[AUDIT] #9: POLICY_CHANGE change=update_state name=hello-world ver=0.1.0 state=pending-confirmation detail=/var/pkg/repo/hello-world.warpack uid=0
[PROOF] WarPkg update: valid offline apply accepted
[PROOF] WarPkg update: pending confirmation state reached
[PROOF] WarPkg update: shell-ready confirmation required
[AUDIT] #10: POLICY_CHANGE change=update_state name=hello-world ver=0.1.0 state=confirmed detail=boot health acknowledged uid=0
[PROOF] WarPkg update: pending boot confirmed
[AUDIT] #11: POLICY_CHANGE change=update_state name=hello-world ver=0.1.0 state=rolled-back detail=/var/pkg/rollback/hello-world.json uid=0
[PROOF] WarPkg update: rollback snapshot restored
[AUDIT] #12: POLICY_CHANGE change=recovery action=enter detail=offline update proof recovery demo uid=0
[PROOF] WarPkg update: recovery entry/status path observable
[AUDIT] #13: POLICY_CHANGE change=recovery action=resume detail=recovery request cleared uid=0
[AUDIT] #14: PKG_VERIFY name=hello-world ver=0.1.0 outcome=deny reason=payload-size-mismatch
[PROOF] WarPkg update: tampered offline bundle rejected
[OK] WarPkg Pass 4 proof passed (1520 ms)
[INFO] WarShield capability proof: checking inherit-only launch and deny-after-drop
[AUDIT] #15: PROC_SPAWN pid=1 name=waros-shell uid=0
[INFO] WarExec loader: mapping /bin/warexec-smoke.elf
[INFO] WarExec loader: populating PT_LOAD segments
[INFO] WarExec loader: applying final segment permissions
[W^X] 0x0000000000400000 size 0xB9 R-X
[ASLR] Stack offset: 0x7E000 (126 pages)
[OK] WarExec loader: ready to enter userspace
[AUDIT] #16: PROC_SPAWN pid=2 name=warexec-smoke.elf uid=0
[AUDIT] #17: CAP_DENIED pid=1 cap=Capabilities(PKG_INSTALL)
[OK] WarShield capability proof passed (1559 ms)
[INFO] WarExec smoke: launching /bin/warexec-smoke.elf
[INFO] WarExec loader: mapping /bin/warexec-smoke.elf
[INFO] WarExec loader: populating PT_LOAD segments
[INFO] WarExec loader: applying final segment permissions
[W^X] 0x0000000000400000 size 0xB9 R-X
[ASLR] Stack offset: 0xB6000 (182 pages)
[OK] WarExec loader: ready to enter userspace
[AUDIT] #18: PROC_SPAWN pid=3 name=warexec-smoke.elf uid=0
warexec smoke user program
[AUDIT] #19: PROC_EXIT pid=3 code=42
[OK] WarExec smoke: /bin/warexec-smoke.elf exited with code 42 (1595 ms)
[INFO] WarExec ABI proof: launching /bin/warexec-read-smoke.elf
[ASLR] Stack offset: 0x6000 (6 pages)
[AUDIT] #20: PROC_SPAWN pid=4 name=warexec-read-smoke.elf uid=0
warexec abi file proof
[AUDIT] #21: PROC_EXIT pid=4 code=43
[OK] WarExec ABI proof: /bin/warexec-read-smoke.elf exited with code 43 (1635 ms)
[INFO] WarExec ABI proof: launching /bin/warexec-offset-smoke.elf
[ASLR] Stack offset: 0xDA000 (218 pages)
[AUDIT] #22: PROC_SPAWN pid=5 name=warexec-offset-smoke.elf uid=0
chunk-one|chunk-two
[AUDIT] #23: PROC_EXIT pid=5 code=44
[OK] WarExec ABI proof: /bin/warexec-offset-smoke.elf exited with code 44 (1674 ms)
[INFO] WarExec ABI proof: launching /bin/warexec-argv-smoke.elf
[ASLR] Stack offset: 0x9C000 (156 pages)
[AUDIT] #24: PROC_SPAWN pid=6 name=warexec-argv-smoke.elf uid=0
argc=3
argv1=alpha
argv2=beta
[AUDIT] #25: PROC_EXIT pid=6 code=45
[OK] WarExec ABI proof: /bin/warexec-argv-smoke.elf exited with code 45 (1710 ms)
[INFO] WarExec ABI proof: launching /bin/warexec-exec-parent.elf
[ASLR] Stack offset: 0xED000 (237 pages)
[AUDIT] #26: PROC_SPAWN pid=7 name=warexec-exec-parent.elf uid=0
exec-parent-start
[ASLR] Stack offset: 0xA1000 (161 pages)
[AUDIT] #27: PROC_EXEC pid=7 uid=0 path=/bin/warexec-exec-child.elf caps_before=USER_ADMIN,FS_ADMIN,FILE_READ_ALL,FILE_WRITE_ALL,PROCESS_ADMIN,NET_ADMIN,NET_RAW,NET_BIND_SERVICE,HW_ACCESS,SYS_TIME,SYS_POWER,PKG_INSTALL,QUANTUM_ALLOC,QUANTUM_EXECUTE,QUANTUM_REMOTE,CRYPTO_PQ,CRYPTO_KEYGEN,ENTROPY_ACCESS,AI_INFERENCE,SECURITY_ADMIN,AUDIT_READ,FIREWALL_BYPASS caps_after=USER_ADMIN,FS_ADMIN,FILE_READ_ALL,FILE_WRITE_ALL,PROCESS_ADMIN,NET_ADMIN,NET_RAW,NET_BIND_SERVICE,HW_ACCESS,SYS_TIME,SYS_POWER,PKG_INSTALL,QUANTUM_ALLOC,QUANTUM_EXECUTE,QUANTUM_REMOTE,CRYPTO_PQ,CRYPTO_KEYGEN,ENTROPY_ACCESS,AI_INFERENCE,SECURITY_ADMIN,AUDIT_READ,FIREWALL_BYPASS
exec-child
argc=3
argv1=gamma
argv2=delta
[AUDIT] #28: PROC_EXIT pid=7 code=46
[OK] WarExec ABI proof: /bin/warexec-exec-child.elf exited with code 46 (1771 ms)
[INFO] WarExec ABI proof: launching /bin/warexec-heap-smoke.elf
[ASLR] Stack offset: 0xBD000 (189 pages)
[AUDIT] #29: PROC_SPAWN pid=8 name=warexec-heap-smoke.elf uid=0
heap-proof-start
heap-bytes-ok
heap-string=waros-heap-proof
[AUDIT] #30: PROC_EXIT pid=8 code=47
[OK] WarExec ABI proof: /bin/warexec-heap-smoke.elf exited with code 47 (1837 ms)
[INFO] WarExec ABI proof: launching /bin/warexec-fault-smoke.elf
[ASLR] Stack offset: 0x6E000 (110 pages)
[AUDIT] #31: PROC_SPAWN pid=9 name=warexec-fault-smoke.elf uid=0
fault-proof-start
fault-err=-14
[AUDIT] #32: PROC_EXIT pid=9 code=48
[OK] WarExec ABI proof: /bin/warexec-fault-smoke.elf exited with code 48 (1882 ms)
[INFO] WarExec ABI proof: launching /bin/warexec-wait-smoke.elf
[ASLR] Stack offset: 0xA7000 (167 pages)
[AUDIT] #33: PROC_SPAWN pid=10 name=warexec-wait-smoke.elf uid=0
[ASLR] Stack offset: 0x71000 (113 pages)
[AUDIT] #34: PROC_SPAWN pid=11 name=warexec-wait-child.elf uid=0
[AUDIT] #35: PROC_EXIT pid=11 code=7
wait-proof-start
wait-status=1792
[AUDIT] #36: PROC_EXIT pid=10 code=49
[OK] WarExec ABI proof: /bin/warexec-wait-smoke.elf exited with code 49 (1951 ms)
[INFO] WarExec ABI proof: launching /bin/warexec-stat-smoke.elf
[ASLR] Stack offset: 0x66000 (102 pages)
[AUDIT] #37: PROC_SPAWN pid=12 name=warexec-stat-smoke.elf uid=0
stat-proof-start
stat-size=23
stat-type=file
fstat-size=23
[AUDIT] #38: PROC_EXIT pid=12 code=50
[OK] WarExec ABI proof: /bin/warexec-stat-smoke.elf exited with code 50 (2007 ms)
[INFO] WarExec ABI proof: launching /bin/warexec-readdir-smoke.elf
[ASLR] Stack offset: 0xB3000 (179 pages)
[AUDIT] #39: PROC_SPAWN pid=13 name=warexec-readdir-smoke.elf uid=0
readdir-proof-start
dirent1=alpha.txt
dirent2=beta.txt
dirent3=gamma.txt
readdir-eod=1
[AUDIT] #40: PROC_EXIT pid=13 code=51
[OK] WarExec ABI proof: /bin/warexec-readdir-smoke.elf exited with code 51 (2062 ms)
[INFO] WarExec ABI proof: launching /bin/warexec-path-smoke.elf
[ASLR] Stack offset: 0x61000 (97 pages)
[AUDIT] #41: PROC_SPAWN pid=14 name=warexec-path-smoke.elf uid=0
path-proof-start
path-abs-ok=1
path-rel-err=-22
[AUDIT] #42: PROC_EXIT pid=14 code=52
[OK] WarExec ABI proof: /bin/warexec-path-smoke.elf exited with code 52 (2116 ms)
[INFO] WarExec ABI proof: launching /bin/warexec-write-smoke.elf
[ASLR] Stack offset: 0x67000 (103 pages)
[AUDIT] #43: PROC_SPAWN pid=15 name=warexec-write-smoke.elf uid=0
write-proof-start
[AUDIT] #44: FILE_CREATE path=/abi/write-proof/result.txt uid=0
write-size=17
write-readback=waros-write-proof
[AUDIT] #45: PROC_EXIT pid=15 code=53
[OK] WarExec ABI proof: /bin/warexec-write-smoke.elf exited with code 53 (2168 ms)
[INFO] WarOS shell online. Type 'help' for available commands.
